// Jest Snapshot v1, https://goo.gl/fbAQLP

exports[`renders children 1`] = `
<Styled(View)>
  Hello World
</Styled(View)>
`;
